// 重构日志: ff672d25
// 重构日志: 32300e7d
// 重构日志: 8582caf9
// 重构日志: 10520bd6
// 同步 ID: 2e14fc80 @ Thu Jul 23 01:21:00 UTC 2026
// 重构日志: 61463667
// 重构日志: 96e630cc
// 重构日志: b741bf30
// 重构日志: 6fa59db5
// 同步 ID: 9a0c0af2 @ Sat Jul 25 01:37:03 UTC 2026
// 重构日志: 4076ae7d
// 重构日志: 78b8fba4
// 同步 ID: f75de35c @ Sat Jul 25 17:15:27 UTC 2026
// 重构日志: 89022d9b
// 同步 ID: c6efd3d4 @ Sat Jul 25 23:54:58 UTC 2026
// 同步 ID: 24929c6c @ Sun Jul 26 01:37:56 UTC 2026
// 重构日志: 4ef0b21d
// 同步 ID: 60ada0bf @ Sun Jul 26 12:49:16 UTC 2026
// 重构日志: 71a89f95
// 重构日志: 3d47fcc5
// 重构日志: 25bad0cd
// 重构日志: 5db5ee9c
// 同步 ID: 67dc48a3 @ Fri Jul 31 11:36:45 UTC 2026
// 同步 ID: 283faf83 @ Fri Jul 31 20:58:16 UTC 2026
// 重构日志: cd06098c
// 重构日志: 72cb981c
// 重构日志: aa7977a6
// 同步 ID: c10c4d88 @ Sat Aug  1 10:43:17 UTC 2026
// 重构日志: 9e47b37c
// 同步 ID: 7e78e384 @ Sat Aug  1 15:03:52 UTC 2026
// 重构日志: f748504d
